current directory: /Users/tiendat/work/LifeGraph/lifegraph-backend/.bundle/ruby/3.1.0/gems/msgpack-1.8.5/ext/msgpack
/Users/tiendat/.rbenv/versions/3.1.2/bin/ruby -I /Users/tiendat/.rbenv/versions/3.1.2/lib/ruby/3.1.0 -r ./siteconf20260914-66781-2dofub.rb extconf.rb
checking for rb_enc_interned_str() in ruby.h... yes
checking for rb_hash_new_capa() in ruby.h... no
checking for rb_proc_call_with_block() in ruby.h... yes
checking for rb_gc_mark_locations() in ruby.h... yes
checking for whether -fvisibility=hidden is accepted as CFLAGS... no
checking for whether -I.. is accepted as CFLAGS... no
checking for whether -Wall is accepted as CFLAGS... no
checking for whether -std=gnu99 is accepted as CFLAGS... no
checking for whether -DHASH_ASET_DEDUPE=1 is accepted as CFLAGS... no
checking for whether -DSTR_UMINUS_DEDUPE_FROZEN=1 is accepted as CFLAGS... no
creating Makefile

current directory: /Users/tiendat/work/LifeGraph/lifegraph-backend/.bundle/ruby/3.1.0/gems/msgpack-1.8.5/ext/msgpack
make DESTDIR\= clean

current directory: /Users/tiendat/work/LifeGraph/lifegraph-backend/.bundle/ruby/3.1.0/gems/msgpack-1.8.5/ext/msgpack
make DESTDIR\=
compiling buffer.c
In file included from buffer.c:19:
In file included from ./buffer.h:21:
In file included from ./compat.h:22:
In file included from /Users/tiendat/.rbenv/versions/3.1.2/include/ruby-3.1.0/ruby.h:38:
In file included from /Users/tiendat/.rbenv/versions/3.1.2/include/ruby-3.1.0/ruby/ruby.h:27:
In file included from /Users/tiendat/.rbenv/versions/3.1.2/include/ruby-3.1.0/ruby/internal/arithmetic.h:23:
In file included from /Users/tiendat/.rbenv/versions/3.1.2/include/ruby-3.1.0/ruby/internal/arithmetic/char.h:29:
/Users/tiendat/.rbenv/versions/3.1.2/include/ruby-3.1.0/ruby/internal/core/rstring.h:464:24: warning: default initialization of an object of type 'struct RString' with const member leaves the object uninitialized [-Wdefault-const-init-field-unsafe]
  464 |         struct RString retval;
      |                        ^
/Users/tiendat/.rbenv/versions/3.1.2/include/ruby-3.1.0/ruby/internal/core/rbasic.h:88:17: note: member 'klass' declared 'const' here
   88 |     const VALUE klass;
      |                 ^
1 warning generated.
compiling buffer_class.c
In file included from buffer_class.c:19:
In file included from ./compat.h:22:
In file included from /Users/tiendat/.rbenv/versions/3.1.2/include/ruby-3.1.0/ruby.h:38:
In file included from /Users/tiendat/.rbenv/versions/3.1.2/include/ruby-3.1.0/ruby/ruby.h:27:
In file included from /Users/tiendat/.rbenv/versions/3.1.2/include/ruby-3.1.0/ruby/internal/arithmetic.h:23:
In file included from /Users/tiendat/.rbenv/versions/3.1.2/include/ruby-3.1.0/ruby/internal/arithmetic/char.h:29:
/Users/tiendat/.rbenv/versions/3.1.2/include/ruby-3.1.0/ruby/internal/core/rstring.h:464:24: warning: default initialization of an object of type 'struct RString' with const member leaves the object uninitialized [-Wdefault-const-init-field-unsafe]
  464 |         struct RString retval;
      |                        ^
/Users/tiendat/.rbenv/versions/3.1.2/include/ruby-3.1.0/ruby/internal/core/rbasic.h:88:17: note: member 'klass' declared 'const' here
   88 |     const VALUE klass;
      |                 ^
1 warning generated.
compiling extension_value_class.c
In file included from extension_value_class.c:19:
In file included from ./factory_class.h:21:
In file included from ./compat.h:22:
In file included from /Users/tiendat/.rbenv/versions/3.1.2/include/ruby-3.1.0/ruby.h:38:
In file included from /Users/tiendat/.rbenv/versions/3.1.2/include/ruby-3.1.0/ruby/ruby.h:27:
In file included from /Users/tiendat/.rbenv/versions/3.1.2/include/ruby-3.1.0/ruby/internal/arithmetic.h:23:
In file included from /Users/tiendat/.rbenv/versions/3.1.2/include/ruby-3.1.0/ruby/internal/arithmetic/char.h:29:
/Users/tiendat/.rbenv/versions/3.1.2/include/ruby-3.1.0/ruby/internal/core/rstring.h:464:24: warning: default initialization of an object of type 'struct RString' with const member leaves the object uninitialized [-Wdefault-const-init-field-unsafe]
  464 |         struct RString retval;
      |                        ^
/Users/tiendat/.rbenv/versions/3.1.2/include/ruby-3.1.0/ruby/internal/core/rbasic.h:88:17: note: member 'klass' declared 'const' here
   88 |     const VALUE klass;
      |                 ^
1 warning generated.
compiling factory_class.c
In file included from factory_class.c:19:
In file included from ./factory_class.h:21:
In file included from ./compat.h:22:
In file included from /Users/tiendat/.rbenv/versions/3.1.2/include/ruby-3.1.0/ruby.h:38:
In file included from /Users/tiendat/.rbenv/versions/3.1.2/include/ruby-3.1.0/ruby/ruby.h:27:
In file included from /Users/tiendat/.rbenv/versions/3.1.2/include/ruby-3.1.0/ruby/internal/arithmetic.h:23:
In file included from /Users/tiendat/.rbenv/versions/3.1.2/include/ruby-3.1.0/ruby/internal/arithmetic/char.h:29:
/Users/tiendat/.rbenv/versions/3.1.2/include/ruby-3.1.0/ruby/internal/core/rstring.h:464:24: warning: default initialization of an object of type 'struct RString' with const member leaves the object uninitialized [-Wdefault-const-init-field-unsafe]
  464 |         struct RString retval;
      |                        ^
/Users/tiendat/.rbenv/versions/3.1.2/include/ruby-3.1.0/ruby/internal/core/rbasic.h:88:17: note: member 'klass' declared 'const' here
   88 |     const VALUE klass;
      |                 ^
1 warning generated.
compiling packer.c
In file included from packer.c:19:
In file included from ./packer.h:21:
In file included from ./buffer.h:21:
In file included from ./compat.h:22:
In file included from /Users/tiendat/.rbenv/versions/3.1.2/include/ruby-3.1.0/ruby.h:38:
In file included from /Users/tiendat/.rbenv/versions/3.1.2/include/ruby-3.1.0/ruby/ruby.h:27:
In file included from /Users/tiendat/.rbenv/versions/3.1.2/include/ruby-3.1.0/ruby/internal/arithmetic.h:23:
In file included from /Users/tiendat/.rbenv/versions/3.1.2/include/ruby-3.1.0/ruby/internal/arithmetic/char.h:29:
/Users/tiendat/.rbenv/versions/3.1.2/include/ruby-3.1.0/ruby/internal/core/rstring.h:464:24: warning: default initialization of an object of type 'struct RString' with const member leaves the object uninitialized [-Wdefault-const-init-field-unsafe]
  464 |         struct RString retval;
      |                        ^
/Users/tiendat/.rbenv/versions/3.1.2/include/ruby-3.1.0/ruby/internal/core/rbasic.h:88:17: note: member 'klass' declared 'const' here
   88 |     const VALUE klass;
      |                 ^
1 warning generated.
compiling packer_class.c
In file included from packer_class.c:19:
In file included from ./compat.h:22:
In file included from /Users/tiendat/.rbenv/versions/3.1.2/include/ruby-3.1.0/ruby.h:38:
In file included from /Users/tiendat/.rbenv/versions/3.1.2/include/ruby-3.1.0/ruby/ruby.h:27:
In file included from /Users/tiendat/.rbenv/versions/3.1.2/include/ruby-3.1.0/ruby/internal/arithmetic.h:23:
In file included from /Users/tiendat/.rbenv/versions/3.1.2/include/ruby-3.1.0/ruby/internal/arithmetic/char.h:29:
/Users/tiendat/.rbenv/versions/3.1.2/include/ruby-3.1.0/ruby/internal/core/rstring.h:464:24: warning: default initialization of an object of type 'struct RString' with const member leaves the object uninitialized [-Wdefault-const-init-field-unsafe]
  464 |         struct RString retval;
      |                        ^
/Users/tiendat/.rbenv/versions/3.1.2/include/ruby-3.1.0/ruby/internal/core/rbasic.h:88:17: note: member 'klass' declared 'const' here
   88 |     const VALUE klass;
      |                 ^
1 warning generated.
compiling packer_ext_registry.c
In file included from packer_ext_registry.c:19:
In file included from ./packer_ext_registry.h:21:
In file included from ./compat.h:22:
In file included from /Users/tiendat/.rbenv/versions/3.1.2/include/ruby-3.1.0/ruby.h:38:
In file included from /Users/tiendat/.rbenv/versions/3.1.2/include/ruby-3.1.0/ruby/ruby.h:27:
In file included from /Users/tiendat/.rbenv/versions/3.1.2/include/ruby-3.1.0/ruby/internal/arithmetic.h:23:
In file included from /Users/tiendat/.rbenv/versions/3.1.2/include/ruby-3.1.0/ruby/internal/arithmetic/char.h:29:
/Users/tiendat/.rbenv/versions/3.1.2/include/ruby-3.1.0/ruby/internal/core/rstring.h:464:24: warning: default initialization of an object of type 'struct RString' with const member leaves the object uninitialized [-Wdefault-const-init-field-unsafe]
  464 |         struct RString retval;
      |                        ^
/Users/tiendat/.rbenv/versions/3.1.2/include/ruby-3.1.0/ruby/internal/core/rbasic.h:88:17: note: member 'klass' declared 'const' here
   88 |     const VALUE klass;
      |                 ^
1 warning generated.
compiling rbinit.c
In file included from rbinit.c:19:
In file included from ./buffer_class.h:21:
In file included from ./buffer.h:21:
In file included from ./compat.h:22:
In file included from /Users/tiendat/.rbenv/versions/3.1.2/include/ruby-3.1.0/ruby.h:38:
In file included from /Users/tiendat/.rbenv/versions/3.1.2/include/ruby-3.1.0/ruby/ruby.h:27:
In file included from /Users/tiendat/.rbenv/versions/3.1.2/include/ruby-3.1.0/ruby/internal/arithmetic.h:23:
In file included from /Users/tiendat/.rbenv/versions/3.1.2/include/ruby-3.1.0/ruby/internal/arithmetic/char.h:29:
/Users/tiendat/.rbenv/versions/3.1.2/include/ruby-3.1.0/ruby/internal/core/rstring.h:464:24: warning: default initialization of an object of type 'struct RString' with const member leaves the object uninitialized [-Wdefault-const-init-field-unsafe]
  464 |         struct RString retval;
      |                        ^
/Users/tiendat/.rbenv/versions/3.1.2/include/ruby-3.1.0/ruby/internal/core/rbasic.h:88:17: note: member 'klass' declared 'const' here
   88 |     const VALUE klass;
      |                 ^
1 warning generated.
compiling rmem.c
In file included from rmem.c:19:
In file included from ./rmem.h:21:
In file included from ./compat.h:22:
In file included from /Users/tiendat/.rbenv/versions/3.1.2/include/ruby-3.1.0/ruby.h:38:
In file included from /Users/tiendat/.rbenv/versions/3.1.2/include/ruby-3.1.0/ruby/ruby.h:27:
In file included from /Users/tiendat/.rbenv/versions/3.1.2/include/ruby-3.1.0/ruby/internal/arithmetic.h:23:
In file included from /Users/tiendat/.rbenv/versions/3.1.2/include/ruby-3.1.0/ruby/internal/arithmetic/char.h:29:
/Users/tiendat/.rbenv/versions/3.1.2/include/ruby-3.1.0/ruby/internal/core/rstring.h:464:24: warning: default initialization of an object of type 'struct RString' with const member leaves the object uninitialized [-Wdefault-const-init-field-unsafe]
  464 |         struct RString retval;
      |                        ^
/Users/tiendat/.rbenv/versions/3.1.2/include/ruby-3.1.0/ruby/internal/core/rbasic.h:88:17: note: member 'klass' declared 'const' here
   88 |     const VALUE klass;
      |                 ^
1 warning generated.
compiling unpacker.c
In file included from unpacker.c:19:
In file included from ./unpacker.h:21:
In file included from ./buffer.h:21:
In file included from ./compat.h:22:
In file included from /Users/tiendat/.rbenv/versions/3.1.2/include/ruby-3.1.0/ruby.h:38:
In file included from /Users/tiendat/.rbenv/versions/3.1.2/include/ruby-3.1.0/ruby/ruby.h:27:
In file included from /Users/tiendat/.rbenv/versions/3.1.2/include/ruby-3.1.0/ruby/internal/arithmetic.h:23:
In file included from /Users/tiendat/.rbenv/versions/3.1.2/include/ruby-3.1.0/ruby/internal/arithmetic/char.h:29:
/Users/tiendat/.rbenv/versions/3.1.2/include/ruby-3.1.0/ruby/internal/core/rstring.h:464:24: warning: default initialization of an object of type 'struct RString' with const member leaves the object uninitialized [-Wdefault-const-init-field-unsafe]
  464 |         struct RString retval;
      |                        ^
/Users/tiendat/.rbenv/versions/3.1.2/include/ruby-3.1.0/ruby/internal/core/rbasic.h:88:17: note: member 'klass' declared 'const' here
   88 |     const VALUE klass;
      |                 ^
1 warning generated.
compiling unpacker_class.c
In file included from unpacker_class.c:19:
In file included from ./unpacker.h:21:
In file included from ./buffer.h:21:
In file included from ./compat.h:22:
In file included from /Users/tiendat/.rbenv/versions/3.1.2/include/ruby-3.1.0/ruby.h:38:
In file included from /Users/tiendat/.rbenv/versions/3.1.2/include/ruby-3.1.0/ruby/ruby.h:27:
In file included from /Users/tiendat/.rbenv/versions/3.1.2/include/ruby-3.1.0/ruby/internal/arithmetic.h:23:
In file included from /Users/tiendat/.rbenv/versions/3.1.2/include/ruby-3.1.0/ruby/internal/arithmetic/char.h:29:
/Users/tiendat/.rbenv/versions/3.1.2/include/ruby-3.1.0/ruby/internal/core/rstring.h:464:24: warning: default initialization of an object of type 'struct RString' with const member leaves the object uninitialized [-Wdefault-const-init-field-unsafe]
  464 |         struct RString retval;
      |                        ^
/Users/tiendat/.rbenv/versions/3.1.2/include/ruby-3.1.0/ruby/internal/core/rbasic.h:88:17: note: member 'klass' declared 'const' here
   88 |     const VALUE klass;
      |                 ^
1 warning generated.
compiling unpacker_ext_registry.c
In file included from unpacker_ext_registry.c:19:
In file included from ./unpacker_ext_registry.h:21:
In file included from ./compat.h:22:
In file included from /Users/tiendat/.rbenv/versions/3.1.2/include/ruby-3.1.0/ruby.h:38:
In file included from /Users/tiendat/.rbenv/versions/3.1.2/include/ruby-3.1.0/ruby/ruby.h:27:
In file included from /Users/tiendat/.rbenv/versions/3.1.2/include/ruby-3.1.0/ruby/internal/arithmetic.h:23:
In file included from /Users/tiendat/.rbenv/versions/3.1.2/include/ruby-3.1.0/ruby/internal/arithmetic/char.h:29:
/Users/tiendat/.rbenv/versions/3.1.2/include/ruby-3.1.0/ruby/internal/core/rstring.h:464:24: warning: default initialization of an object of type 'struct RString' with const member leaves the object uninitialized [-Wdefault-const-init-field-unsafe]
  464 |         struct RString retval;
      |                        ^
/Users/tiendat/.rbenv/versions/3.1.2/include/ruby-3.1.0/ruby/internal/core/rbasic.h:88:17: note: member 'klass' declared 'const' here
   88 |     const VALUE klass;
      |                 ^
1 warning generated.
linking shared-object msgpack/msgpack.bundle

current directory: /Users/tiendat/work/LifeGraph/lifegraph-backend/.bundle/ruby/3.1.0/gems/msgpack-1.8.5/ext/msgpack
make DESTDIR\= install
/usr/bin/install -c -m 0755 msgpack.bundle ./.gem.20260914-66781-vo6q45/msgpack
