have_type: checking for rb_io_mode_t in ruby/io.h... -------------------- no

DYLD_FALLBACK_LIBRARY_PATH=.:/Users/tiendat/.rbenv/versions/3.1.2/lib "clang -o conftest -I/Users/tiendat/.rbenv/versions/3.1.2/include/ruby-3.1.0/arm64-darwin24 -I/Users/tiendat/.rbenv/versions/3.1.2/include/ruby-3.1.0/ruby/backward -I/Users/tiendat/.rbenv/versions/3.1.2/include/ruby-3.1.0 -I. -D_XOPEN_SOURCE -D_DARWIN_C_SOURCE -D_DARWIN_UNLIMITED_SELECT -D_REENTRANT   -fdeclspec -O3 -fno-fast-math -ggdb3 -Wall -Wextra -Wdeprecated-declarations -Wdivision-by-zero -Wimplicit-function-declaration -Wimplicit-int -Wmisleading-indentation -Wpointer-arith -Wshorten-64-to-32 -Wwrite-strings -Wold-style-definition -Wmissing-noreturn -Wno-cast-function-type -Wno-constant-logical-operand -Wno-long-long -Wno-missing-field-initializers -Wno-overlength-strings -Wno-parentheses-equality -Wno-self-assign -Wno-tautological-compare -Wno-unused-parameter -Wno-unused-value -Wunused-variable -Wextra-tokens -Wundef  -fno-common -pipe conftest.c  -L. -L/Users/tiendat/.rbenv/versions/3.1.2/lib -L. -fstack-protector-strong     -lruby.3.1   "
In file included from conftest.c:1:
In file included from /Users/tiendat/.rbenv/versions/3.1.2/include/ruby-3.1.0/ruby.h:38:
In file included from /Users/tiendat/.rbenv/versions/3.1.2/include/ruby-3.1.0/ruby/ruby.h:27:
In file included from /Users/tiendat/.rbenv/versions/3.1.2/include/ruby-3.1.0/ruby/internal/arithmetic.h:23:
In file included from /Users/tiendat/.rbenv/versions/3.1.2/include/ruby-3.1.0/ruby/internal/arithmetic/char.h:29:
/Users/tiendat/.rbenv/versions/3.1.2/include/ruby-3.1.0/ruby/internal/core/rstring.h:464:24: warning: default initialization of an object of type 'struct RString' with const member leaves the object uninitialized [-Wdefault-const-init-field-unsafe]
  464 |         struct RString retval;
      |                        ^
/Users/tiendat/.rbenv/versions/3.1.2/include/ruby-3.1.0/ruby/internal/core/rbasic.h:88:17: note: member 'klass' declared 'const' here
   88 |     const VALUE klass;
      |                 ^
1 warning generated.
checked program was:
/* begin */
1: #include "ruby.h"
2: 
3: int main(int argc, char **argv)
4: {
5:   return !!argv[argc];
6: }
/* end */

DYLD_FALLBACK_LIBRARY_PATH=.:/Users/tiendat/.rbenv/versions/3.1.2/lib "clang -I/Users/tiendat/.rbenv/versions/3.1.2/include/ruby-3.1.0/arm64-darwin24 -I/Users/tiendat/.rbenv/versions/3.1.2/include/ruby-3.1.0/ruby/backward -I/Users/tiendat/.rbenv/versions/3.1.2/include/ruby-3.1.0 -I. -D_XOPEN_SOURCE -D_DARWIN_C_SOURCE -D_DARWIN_UNLIMITED_SELECT -D_REENTRANT   -fdeclspec -O3 -fno-fast-math -ggdb3 -Wall -Wextra -Wdeprecated-declarations -Wdivision-by-zero -Wimplicit-function-declaration -Wimplicit-int -Wmisleading-indentation -Wpointer-arith -Wshorten-64-to-32 -Wwrite-strings -Wold-style-definition -Wmissing-noreturn -Wno-cast-function-type -Wno-constant-logical-operand -Wno-long-long -Wno-missing-field-initializers -Wno-overlength-strings -Wno-parentheses-equality -Wno-self-assign -Wno-tautological-compare -Wno-unused-parameter -Wno-unused-value -Wunused-variable -Wextra-tokens -Wundef  -fno-common -pipe   -c conftest.c"
In file included from conftest.c:1:
In file included from /Users/tiendat/.rbenv/versions/3.1.2/include/ruby-3.1.0/ruby.h:38:
In file included from /Users/tiendat/.rbenv/versions/3.1.2/include/ruby-3.1.0/ruby/ruby.h:27:
In file included from /Users/tiendat/.rbenv/versions/3.1.2/include/ruby-3.1.0/ruby/internal/arithmetic.h:23:
In file included from /Users/tiendat/.rbenv/versions/3.1.2/include/ruby-3.1.0/ruby/internal/arithmetic/char.h:29:
/Users/tiendat/.rbenv/versions/3.1.2/include/ruby-3.1.0/ruby/internal/core/rstring.h:464:24: warning: default initialization of an object of type 'struct RString' with const member leaves the object uninitialized [-Wdefault-const-init-field-unsafe]
  464 |         struct RString retval;
      |                        ^
/Users/tiendat/.rbenv/versions/3.1.2/include/ruby-3.1.0/ruby/internal/core/rbasic.h:88:17: note: member 'klass' declared 'const' here
   88 |     const VALUE klass;
      |                 ^
conftest.c:6:9: error: unknown type name 'rb_io_mode_t'; did you mean 'rb_io_enc_t'?
    6 | typedef rb_io_mode_t conftest_type;
      |         ^~~~~~~~~~~~
      |         rb_io_enc_t
/Users/tiendat/.rbenv/versions/3.1.2/include/ruby-3.1.0/ruby/io.h:214:28: note: 'rb_io_enc_t' declared here
  214 | typedef struct rb_io_enc_t rb_io_enc_t;
      |                            ^
1 warning and 1 error generated.
checked program was:
/* begin */
1: #include "ruby.h"
2: 
3: #include <ruby/io.h>
4: 
5: /*top*/
6: typedef rb_io_mode_t conftest_type;
7: int conftestval[sizeof(conftest_type)?1:-1];
/* end */

--------------------

