current directory: /Users/tiendat/work/LifeGraph/lifegraph-backend/.bundle/ruby/3.1.0/gems/debug-1.11.1/ext/debug
/Users/tiendat/.rbenv/versions/3.1.2/bin/ruby -I /Users/tiendat/.rbenv/versions/3.1.2/lib/ruby/3.1.0 -r ./siteconf20260914-66781-4cqctq.rb extconf.rb
creating Makefile

current directory: /Users/tiendat/work/LifeGraph/lifegraph-backend/.bundle/ruby/3.1.0/gems/debug-1.11.1/ext/debug
make DESTDIR\= clean

current directory: /Users/tiendat/work/LifeGraph/lifegraph-backend/.bundle/ruby/3.1.0/gems/debug-1.11.1/ext/debug
make DESTDIR\=
compiling debug.c
In file included from debug.c:2:
In file included from /Users/tiendat/.rbenv/versions/3.1.2/include/ruby-3.1.0/ruby/ruby.h:27:
In file included from /Users/tiendat/.rbenv/versions/3.1.2/include/ruby-3.1.0/ruby/internal/arithmetic.h:23:
In file included from /Users/tiendat/.rbenv/versions/3.1.2/include/ruby-3.1.0/ruby/internal/arithmetic/char.h:29:
/Users/tiendat/.rbenv/versions/3.1.2/include/ruby-3.1.0/ruby/internal/core/rstring.h:464:24: warning: default initialization of an object of type 'struct RString' with const member leaves the object uninitialized [-Wdefault-const-init-field-unsafe]
  464 |         struct RString retval;
      |                        ^
/Users/tiendat/.rbenv/versions/3.1.2/include/ruby-3.1.0/ruby/internal/core/rbasic.h:88:17: note: member 'klass' declared 'const' here
   88 |     const VALUE klass;
      |                 ^
1 warning generated.
compiling iseq_collector.c
In file included from iseq_collector.c:1:
In file included from /Users/tiendat/.rbenv/versions/3.1.2/include/ruby-3.1.0/ruby/ruby.h:27:
In file included from /Users/tiendat/.rbenv/versions/3.1.2/include/ruby-3.1.0/ruby/internal/arithmetic.h:23:
In file included from /Users/tiendat/.rbenv/versions/3.1.2/include/ruby-3.1.0/ruby/internal/arithmetic/char.h:29:
/Users/tiendat/.rbenv/versions/3.1.2/include/ruby-3.1.0/ruby/internal/core/rstring.h:464:24: warning: default initialization of an object of type 'struct RString' with const member leaves the object uninitialized [-Wdefault-const-init-field-unsafe]
  464 |         struct RString retval;
      |                        ^
/Users/tiendat/.rbenv/versions/3.1.2/include/ruby-3.1.0/ruby/internal/core/rbasic.h:88:17: note: member 'klass' declared 'const' here
   88 |     const VALUE klass;
      |                 ^
1 warning generated.
linking shared-object debug/debug.bundle

current directory: /Users/tiendat/work/LifeGraph/lifegraph-backend/.bundle/ruby/3.1.0/gems/debug-1.11.1/ext/debug
make DESTDIR\= install
/usr/bin/install -c -m 0755 debug.bundle ./.gem.20260914-66781-m651l0/debug
