current directory: /Users/tiendat/work/LifeGraph/lifegraph-backend/.bundle/ruby/3.1.0/gems/psych-5.5.0/ext/psych
/Users/tiendat/.rbenv/versions/3.1.2/bin/ruby -I /Users/tiendat/.rbenv/versions/3.1.2/lib/ruby/3.1.0 -r ./siteconf20260914-66781-nrlvwg.rb extconf.rb
checking for yaml.h... yes
checking for yaml_get_version() in -lyaml... yes
creating Makefile

current directory: /Users/tiendat/work/LifeGraph/lifegraph-backend/.bundle/ruby/3.1.0/gems/psych-5.5.0/ext/psych
make DESTDIR\= clean
cd libyaml && /Applications/Xcode.app/Contents/Developer/usr/bin/make clean
/bin/sh: line 0: cd: libyaml: No such file or directory
make: [clean-so] Error 1 (ignored)

current directory: /Users/tiendat/work/LifeGraph/lifegraph-backend/.bundle/ruby/3.1.0/gems/psych-5.5.0/ext/psych
make DESTDIR\=
compiling psych.c
In file included from psych.c:1:
In file included from ./psych.h:4:
In file included from /Users/tiendat/.rbenv/versions/3.1.2/include/ruby-3.1.0/ruby.h:38:
In file included from /Users/tiendat/.rbenv/versions/3.1.2/include/ruby-3.1.0/ruby/ruby.h:27:
In file included from /Users/tiendat/.rbenv/versions/3.1.2/include/ruby-3.1.0/ruby/internal/arithmetic.h:23:
In file included from /Users/tiendat/.rbenv/versions/3.1.2/include/ruby-3.1.0/ruby/internal/arithmetic/char.h:29:
/Users/tiendat/.rbenv/versions/3.1.2/include/ruby-3.1.0/ruby/internal/core/rstring.h:464:24: warning: default initialization of an object of type 'struct RString' with const member leaves the object uninitialized [-Wdefault-const-init-field-unsafe]
  464 |         struct RString retval;
      |                        ^
/Users/tiendat/.rbenv/versions/3.1.2/include/ruby-3.1.0/ruby/internal/core/rbasic.h:88:17: note: member 'klass' declared 'const' here
   88 |     const VALUE klass;
      |                 ^
1 warning generated.
compiling psych_emitter.c
In file included from psych_emitter.c:1:
In file included from ./psych.h:4:
In file included from /Users/tiendat/.rbenv/versions/3.1.2/include/ruby-3.1.0/ruby.h:38:
In file included from /Users/tiendat/.rbenv/versions/3.1.2/include/ruby-3.1.0/ruby/ruby.h:27:
In file included from /Users/tiendat/.rbenv/versions/3.1.2/include/ruby-3.1.0/ruby/internal/arithmetic.h:23:
In file included from /Users/tiendat/.rbenv/versions/3.1.2/include/ruby-3.1.0/ruby/internal/arithmetic/char.h:29:
/Users/tiendat/.rbenv/versions/3.1.2/include/ruby-3.1.0/ruby/internal/core/rstring.h:464:24: warning: default initialization of an object of type 'struct RString' with const member leaves the object uninitialized [-Wdefault-const-init-field-unsafe]
  464 |         struct RString retval;
      |                        ^
/Users/tiendat/.rbenv/versions/3.1.2/include/ruby-3.1.0/ruby/internal/core/rbasic.h:88:17: note: member 'klass' declared 'const' here
   88 |     const VALUE klass;
      |                 ^
1 warning generated.
compiling psych_parser.c
In file included from psych_parser.c:1:
In file included from ./psych.h:4:
In file included from /Users/tiendat/.rbenv/versions/3.1.2/include/ruby-3.1.0/ruby.h:38:
In file included from /Users/tiendat/.rbenv/versions/3.1.2/include/ruby-3.1.0/ruby/ruby.h:27:
In file included from /Users/tiendat/.rbenv/versions/3.1.2/include/ruby-3.1.0/ruby/internal/arithmetic.h:23:
In file included from /Users/tiendat/.rbenv/versions/3.1.2/include/ruby-3.1.0/ruby/internal/arithmetic/char.h:29:
/Users/tiendat/.rbenv/versions/3.1.2/include/ruby-3.1.0/ruby/internal/core/rstring.h:464:24: warning: default initialization of an object of type 'struct RString' with const member leaves the object uninitialized [-Wdefault-const-init-field-unsafe]
  464 |         struct RString retval;
      |                        ^
/Users/tiendat/.rbenv/versions/3.1.2/include/ruby-3.1.0/ruby/internal/core/rbasic.h:88:17: note: member 'klass' declared 'const' here
   88 |     const VALUE klass;
      |                 ^
1 warning generated.
compiling psych_to_ruby.c
In file included from psych_to_ruby.c:1:
In file included from ./psych.h:4:
In file included from /Users/tiendat/.rbenv/versions/3.1.2/include/ruby-3.1.0/ruby.h:38:
In file included from /Users/tiendat/.rbenv/versions/3.1.2/include/ruby-3.1.0/ruby/ruby.h:27:
In file included from /Users/tiendat/.rbenv/versions/3.1.2/include/ruby-3.1.0/ruby/internal/arithmetic.h:23:
In file included from /Users/tiendat/.rbenv/versions/3.1.2/include/ruby-3.1.0/ruby/internal/arithmetic/char.h:29:
/Users/tiendat/.rbenv/versions/3.1.2/include/ruby-3.1.0/ruby/internal/core/rstring.h:464:24: warning: default initialization of an object of type 'struct RString' with const member leaves the object uninitialized [-Wdefault-const-init-field-unsafe]
  464 |         struct RString retval;
      |                        ^
/Users/tiendat/.rbenv/versions/3.1.2/include/ruby-3.1.0/ruby/internal/core/rbasic.h:88:17: note: member 'klass' declared 'const' here
   88 |     const VALUE klass;
      |                 ^
1 warning generated.
compiling psych_yaml_tree.c
In file included from psych_yaml_tree.c:1:
In file included from ./psych.h:4:
In file included from /Users/tiendat/.rbenv/versions/3.1.2/include/ruby-3.1.0/ruby.h:38:
In file included from /Users/tiendat/.rbenv/versions/3.1.2/include/ruby-3.1.0/ruby/ruby.h:27:
In file included from /Users/tiendat/.rbenv/versions/3.1.2/include/ruby-3.1.0/ruby/internal/arithmetic.h:23:
In file included from /Users/tiendat/.rbenv/versions/3.1.2/include/ruby-3.1.0/ruby/internal/arithmetic/char.h:29:
/Users/tiendat/.rbenv/versions/3.1.2/include/ruby-3.1.0/ruby/internal/core/rstring.h:464:24: warning: default initialization of an object of type 'struct RString' with const member leaves the object uninitialized [-Wdefault-const-init-field-unsafe]
  464 |         struct RString retval;
      |                        ^
/Users/tiendat/.rbenv/versions/3.1.2/include/ruby-3.1.0/ruby/internal/core/rbasic.h:88:17: note: member 'klass' declared 'const' here
   88 |     const VALUE klass;
      |                 ^
1 warning generated.
linking shared-object psych.bundle

current directory: /Users/tiendat/work/LifeGraph/lifegraph-backend/.bundle/ruby/3.1.0/gems/psych-5.5.0/ext/psych
make DESTDIR\= install
/usr/bin/install -c -m 0755 psych.bundle ./.gem.20260914-66781-fpui7i
